[     848ms] [ERROR] Failed to load resource: the server responded with a status of 404 () @ https://www.adobe.com/akam/13/5d30b9ab:0
[    3440ms] [LOG] Going to iterate over instancesSettings @ https://www.adobe.com/marketingtech/d4d114c60e50/a0e989131fd5/launch-5dd5dd2177e6.min.js:10
[   12009ms] [WARNING] The resource https://commerce.adobe.com/store/_next/static/chunks/pages/segmentation-54d7ed025d92bf8c.js was preloaded using link preload but not used within a few seconds from the window's load event. Please make sure it has an appropriate `as` value and it is preloaded intentionally. @ https://commerce.adobe.com/store/iframe/preload-optimized.html:0
[   12009ms] [WARNING] The resource https://commerce.adobe.com/store/_next/static/chunks/webpack-61a1b8d3ae84c35e.js was preloaded using link preload but not used within a few seconds from the window's load event. Please make sure it has an appropriate `as` value and it is preloaded intentionally. @ https://commerce.adobe.com/store/iframe/preload-optimized.html:0
[   12009ms] [WARNING] The resource https://commerce.adobe.com/store/_next/static/NtFcv7tzsySO07zIsyvNc/_ssgManifest.js was preloaded using link preload but not used within a few seconds from the window's load event. Please make sure it has an appropriate `as` value and it is preloaded intentionally. @ https://commerce.adobe.com/store/iframe/preload-optimized.html:0
[   12009ms] [WARNING] The resource https://commerce.adobe.com/store/_next/static/NtFcv7tzsySO07zIsyvNc/_buildManifest.js was preloaded using link preload but not used within a few seconds from the window's load event. Please make sure it has an appropriate `as` value and it is preloaded intentionally. @ https://commerce.adobe.com/store/iframe/preload-optimized.html:0
[   12009ms] [WARNING] The resource https://commerce.adobe.com/store/_next/static/chunks/pages/iframe/preload-746312f7ff4ae156.js was preloaded using link preload but not used within a few seconds from the window's load event. Please make sure it has an appropriate `as` value and it is preloaded intentionally. @ https://commerce.adobe.com/store/iframe/preload-optimized.html:0
[   12009ms] [WARNING] The resource https://commerce.adobe.com/store/_next/static/chunks/pages/_app.f9f2c2af.css was preloaded using link preload but not used within a few seconds from the window's load event. Please make sure it has an appropriate `as` value and it is preloaded intentionally. @ https://commerce.adobe.com/store/iframe/preload-optimized.html:0
[   12009ms] [WARNING] The resource https://commerce.adobe.com/store/_next/static/chunks/framework-880e7eeca526ad46.js was preloaded using link preload but not used within a few seconds from the window's load event. Please make sure it has an appropriate `as` value and it is preloaded intentionally. @ https://commerce.adobe.com/store/iframe/preload-optimized.html:0
[   12009ms] [WARNING] The resource https://commerce.adobe.com/store/_next/static/chunks/main-abd670878cea5cbd.js was preloaded using link preload but not used within a few seconds from the window's load event. Please make sure it has an appropriate `as` value and it is preloaded intentionally. @ https://commerce.adobe.com/store/iframe/preload-optimized.html:0
[   12009ms] [WARNING] The resource https://commerce.adobe.com/store/_next/static/chunks/polyfills-c67a75d1b6f99dc8.js was preloaded using link preload but not used within a few seconds from the window's load event. Please make sure it has an appropriate `as` value and it is preloaded intentionally. @ https://commerce.adobe.com/store/iframe/preload-optimized.html:0
[   12009ms] [WARNING] The resource https://commerce.adobe.com/store/_next/static/chunks/styles.d56d58f6.css was preloaded using link preload but not used within a few seconds from the window's load event. Please make sure it has an appropriate `as` value and it is preloaded intentionally. @ https://commerce.adobe.com/store/iframe/preload-optimized.html:0
[   12009ms] [WARNING] The resource https://commerce.adobe.com/store/_next/static/chunks/styles-b44db067da8a7923.js was preloaded using link preload but not used within a few seconds from the window's load event. Please make sure it has an appropriate `as` value and it is preloaded intentionally. @ https://commerce.adobe.com/store/iframe/preload-optimized.html:0
[   12009ms] [WARNING] The resource https://commerce.adobe.com/store/_next/static/chunks/pages/_app-6e7bee35444c85ef.js was preloaded using link preload but not used within a few seconds from the window's load event. Please make sure it has an appropriate `as` value and it is preloaded intentionally. @ https://commerce.adobe.com/store/iframe/preload-optimized.html:0
[   12009ms] [WARNING] The resource https://commerce.adobe.com/store/_next/static/chunks/pages/segmentation.c9d93c91.css was preloaded using link preload but not used within a few seconds from the window's load event. Please make sure it has an appropriate `as` value and it is preloaded intentionally. @ https://commerce.adobe.com/store/iframe/preload-optimized.html:0
[ 8416437ms] [ERROR] Failed to load resource: net::ERR_NAME_NOT_RESOLVED @ https://tr6.snapchat.com/p:0
[15511704ms] [ERROR] Failed to load resource: net::ERR_NAME_NOT_RESOLVED @ https://tr6.snapchat.com/p:0
[58172368ms] [ERROR] Failed to load resource: net::ERR_NETWORK_CHANGED @ https://tr6.snapchat.com/p:0
[58172369ms] [ERROR] Failed to load resource: net::ERR_NETWORK_CHANGED @ https://tr6.snapchat.com/p:0
[58172369ms] [ERROR] Failed to load resource: net::ERR_NETWORK_CHANGED @ https://tr6.snapchat.com/p:0
[58176645ms] [ERROR] Failed to load resource: net::ERR_NAME_NOT_RESOLVED @ https://tr6.snapchat.com/p:0
[58671789ms] [ERROR] Failed to load resource: net::ERR_NETWORK_IO_SUSPENDED @ https://tr6.snapchat.com/p:0
[59531100ms] [ERROR] Failed to load resource: net::ERR_CONNECTION_TIMED_OUT @ https://tr6.snapchat.com/p:0
