[     176ms] [ERROR] Failed to load resource: the server responded with a status of 404 () @ https://www.adobe.com/akam/13/5d30b9ab:0
[     655ms] [LOG] Going to iterate over instancesSettings @ https://www.adobe.com/marketingtech/d4d114c60e50/a0e989131fd5/launch-5dd5dd2177e6.min.js:10
[    5425ms] [ERROR] Failed to load resource: net::ERR_CONNECTION_RESET @ https://analytics.tiktok.com/i18n/pixel/events.js?sdkid=C3B6I6D63S9JQHUOKGCG&lib=ttq:0
[    6034ms] [WARNING] The resource https://commerce.adobe.com/store/_next/static/chunks/pages/segmentation-54d7ed025d92bf8c.js was preloaded using link preload but not used within a few seconds from the window's load event. Please make sure it has an appropriate `as` value and it is preloaded intentionally. @ https://commerce.adobe.com/store/iframe/preload-optimized.html:0
[    6034ms] [WARNING] The resource https://commerce.adobe.com/store/_next/static/chunks/webpack-61a1b8d3ae84c35e.js was preloaded using link preload but not used within a few seconds from the window's load event. Please make sure it has an appropriate `as` value and it is preloaded intentionally. @ https://commerce.adobe.com/store/iframe/preload-optimized.html:0
[    6034ms] [WARNING] The resource https://commerce.adobe.com/store/_next/static/NtFcv7tzsySO07zIsyvNc/_ssgManifest.js was preloaded using link preload but not used within a few seconds from the window's load event. Please make sure it has an appropriate `as` value and it is preloaded intentionally. @ https://commerce.adobe.com/store/iframe/preload-optimized.html:0
[    6035ms] [WARNING] The resource https://commerce.adobe.com/store/_next/static/NtFcv7tzsySO07zIsyvNc/_buildManifest.js was preloaded using link preload but not used within a few seconds from the window's load event. Please make sure it has an appropriate `as` value and it is preloaded intentionally. @ https://commerce.adobe.com/store/iframe/preload-optimized.html:0
[    6035ms] [WARNING] The resource https://commerce.adobe.com/store/_next/static/chunks/pages/iframe/preload-746312f7ff4ae156.js was preloaded using link preload but not used within a few seconds from the window's load event. Please make sure it has an appropriate `as` value and it is preloaded intentionally. @ https://commerce.adobe.com/store/iframe/preload-optimized.html:0
[    6035ms] [WARNING] The resource https://commerce.adobe.com/store/_next/static/chunks/pages/_app.f9f2c2af.css was preloaded using link preload but not used within a few seconds from the window's load event. Please make sure it has an appropriate `as` value and it is preloaded intentionally. @ https://commerce.adobe.com/store/iframe/preload-optimized.html:0
[    6035ms] [WARNING] The resource https://commerce.adobe.com/store/_next/static/chunks/framework-880e7eeca526ad46.js was preloaded using link preload but not used within a few seconds from the window's load event. Please make sure it has an appropriate `as` value and it is preloaded intentionally. @ https://commerce.adobe.com/store/iframe/preload-optimized.html:0
[    6035ms] [WARNING] The resource https://commerce.adobe.com/store/_next/static/chunks/main-abd670878cea5cbd.js was preloaded using link preload but not used within a few seconds from the window's load event. Please make sure it has an appropriate `as` value and it is preloaded intentionally. @ https://commerce.adobe.com/store/iframe/preload-optimized.html:0
[    6035ms] [WARNING] The resource https://commerce.adobe.com/store/_next/static/chunks/polyfills-c67a75d1b6f99dc8.js was preloaded using link preload but not used within a few seconds from the window's load event. Please make sure it has an appropriate `as` value and it is preloaded intentionally. @ https://commerce.adobe.com/store/iframe/preload-optimized.html:0
[    6035ms] [WARNING] The resource https://commerce.adobe.com/store/_next/static/chunks/styles.d56d58f6.css was preloaded using link preload but not used within a few seconds from the window's load event. Please make sure it has an appropriate `as` value and it is preloaded intentionally. @ https://commerce.adobe.com/store/iframe/preload-optimized.html:0
[    6035ms] [WARNING] The resource https://commerce.adobe.com/store/_next/static/chunks/styles-b44db067da8a7923.js was preloaded using link preload but not used within a few seconds from the window's load event. Please make sure it has an appropriate `as` value and it is preloaded intentionally. @ https://commerce.adobe.com/store/iframe/preload-optimized.html:0
[    6035ms] [WARNING] The resource https://commerce.adobe.com/store/_next/static/chunks/pages/_app-6e7bee35444c85ef.js was preloaded using link preload but not used within a few seconds from the window's load event. Please make sure it has an appropriate `as` value and it is preloaded intentionally. @ https://commerce.adobe.com/store/iframe/preload-optimized.html:0
[    6035ms] [WARNING] The resource https://commerce.adobe.com/store/_next/static/chunks/pages/segmentation.c9d93c91.css was preloaded using link preload but not used within a few seconds from the window's load event. Please make sure it has an appropriate `as` value and it is preloaded intentionally. @ https://commerce.adobe.com/store/iframe/preload-optimized.html:0
[   15193ms] [WARNING] The resource https://www.adobe.com/libs/martech/martech.js was preloaded using link preload but not used within a few seconds from the window's load event. Please make sure it has an appropriate `as` value and it is preloaded intentionally. @ https://www.adobe.com/de/:0
[   20327ms] [WARNING] The resource https://www.adobe.com/libs/martech/martech.js was preloaded using link preload but not used within a few seconds from the window's load event. Please make sure it has an appropriate `as` value and it is preloaded intentionally. @ https://www.adobe.com/de/:0
[   25356ms] [WARNING] The resource https://www.adobe.com/libs/martech/martech.js was preloaded using link preload but not used within a few seconds from the window's load event. Please make sure it has an appropriate `as` value and it is preloaded intentionally. @ https://www.adobe.com/de/:0
[   32447ms] [WARNING] The resource https://www.adobe.com/libs/martech/martech.js was preloaded using link preload but not used within a few seconds from the window's load event. Please make sure it has an appropriate `as` value and it is preloaded intentionally. @ https://www.adobe.com/de/:0
[   37843ms] [WARNING] The resource https://www.adobe.com/libs/martech/martech.js was preloaded using link preload but not used within a few seconds from the window's load event. Please make sure it has an appropriate `as` value and it is preloaded intentionally. @ https://www.adobe.com/de/:0
[   41494ms] [WARNING] The resource https://www.adobe.com/libs/martech/martech.js was preloaded using link preload but not used within a few seconds from the window's load event. Please make sure it has an appropriate `as` value and it is preloaded intentionally. @ https://www.adobe.com/de/:0
[   46889ms] [WARNING] The resource https://www.adobe.com/libs/martech/martech.js was preloaded using link preload but not used within a few seconds from the window's load event. Please make sure it has an appropriate `as` value and it is preloaded intentionally. @ https://www.adobe.com/de/:0
[   57591ms] [WARNING] The resource https://www.adobe.com/libs/martech/martech.js was preloaded using link preload but not used within a few seconds from the window's load event. Please make sure it has an appropriate `as` value and it is preloaded intentionally. @ https://www.adobe.com/de/:0
[   63021ms] [WARNING] The resource https://www.adobe.com/libs/martech/martech.js was preloaded using link preload but not used within a few seconds from the window's load event. Please make sure it has an appropriate `as` value and it is preloaded intentionally. @ https://www.adobe.com/de/:0
[   72129ms] [WARNING] The resource https://www.adobe.com/libs/martech/martech.js was preloaded using link preload but not used within a few seconds from the window's load event. Please make sure it has an appropriate `as` value and it is preloaded intentionally. @ https://www.adobe.com/de/:0
[   84043ms] [WARNING] The resource https://www.adobe.com/libs/martech/martech.js was preloaded using link preload but not used within a few seconds from the window's load event. Please make sure it has an appropriate `as` value and it is preloaded intentionally. @ https://www.adobe.com/de/:0
[   99044ms] [WARNING] The resource https://www.adobe.com/libs/martech/martech.js was preloaded using link preload but not used within a few seconds from the window's load event. Please make sure it has an appropriate `as` value and it is preloaded intentionally. @ https://www.adobe.com/de/:0
[  109969ms] [WARNING] The resource https://www.adobe.com/libs/martech/martech.js was preloaded using link preload but not used within a few seconds from the window's load event. Please make sure it has an appropriate `as` value and it is preloaded intentionally. @ https://www.adobe.com/de/:0
[  115363ms] [WARNING] The resource https://www.adobe.com/libs/martech/martech.js was preloaded using link preload but not used within a few seconds from the window's load event. Please make sure it has an appropriate `as` value and it is preloaded intentionally. @ https://www.adobe.com/de/:0
[  124255ms] [WARNING] The resource https://www.adobe.com/libs/martech/martech.js was preloaded using link preload but not used within a few seconds from the window's load event. Please make sure it has an appropriate `as` value and it is preloaded intentionally. @ https://www.adobe.com/de/:0
[  135141ms] [WARNING] The resource https://www.adobe.com/libs/martech/martech.js was preloaded using link preload but not used within a few seconds from the window's load event. Please make sure it has an appropriate `as` value and it is preloaded intentionally. @ https://www.adobe.com/de/:0
[  140608ms] [WARNING] The resource https://www.adobe.com/libs/martech/martech.js was preloaded using link preload but not used within a few seconds from the window's load event. Please make sure it has an appropriate `as` value and it is preloaded intentionally. @ https://www.adobe.com/de/:0
[  149530ms] [WARNING] The resource https://www.adobe.com/libs/martech/martech.js was preloaded using link preload but not used within a few seconds from the window's load event. Please make sure it has an appropriate `as` value and it is preloaded intentionally. @ https://www.adobe.com/de/:0
[  160398ms] [WARNING] The resource https://www.adobe.com/libs/martech/martech.js was preloaded using link preload but not used within a few seconds from the window's load event. Please make sure it has an appropriate `as` value and it is preloaded intentionally. @ https://www.adobe.com/de/:0
[  165839ms] [WARNING] The resource https://www.adobe.com/libs/martech/martech.js was preloaded using link preload but not used within a few seconds from the window's load event. Please make sure it has an appropriate `as` value and it is preloaded intentionally. @ https://www.adobe.com/de/:0
[  174798ms] [WARNING] The resource https://www.adobe.com/libs/martech/martech.js was preloaded using link preload but not used within a few seconds from the window's load event. Please make sure it has an appropriate `as` value and it is preloaded intentionally. @ https://www.adobe.com/de/:0
[  185711ms] [WARNING] The resource https://www.adobe.com/libs/martech/martech.js was preloaded using link preload but not used within a few seconds from the window's load event. Please make sure it has an appropriate `as` value and it is preloaded intentionally. @ https://www.adobe.com/de/:0
[  191361ms] [WARNING] The resource https://www.adobe.com/libs/martech/martech.js was preloaded using link preload but not used within a few seconds from the window's load event. Please make sure it has an appropriate `as` value and it is preloaded intentionally. @ https://www.adobe.com/de/:0
[  200079ms] [WARNING] The resource https://www.adobe.com/libs/martech/martech.js was preloaded using link preload but not used within a few seconds from the window's load event. Please make sure it has an appropriate `as` value and it is preloaded intentionally. @ https://www.adobe.com/de/:0
[  210941ms] [WARNING] The resource https://www.adobe.com/libs/martech/martech.js was preloaded using link preload but not used within a few seconds from the window's load event. Please make sure it has an appropriate `as` value and it is preloaded intentionally. @ https://www.adobe.com/de/:0
[  216364ms] [WARNING] The resource https://www.adobe.com/libs/martech/martech.js was preloaded using link preload but not used within a few seconds from the window's load event. Please make sure it has an appropriate `as` value and it is preloaded intentionally. @ https://www.adobe.com/de/:0
[  225303ms] [WARNING] The resource https://www.adobe.com/libs/martech/martech.js was preloaded using link preload but not used within a few seconds from the window's load event. Please make sure it has an appropriate `as` value and it is preloaded intentionally. @ https://www.adobe.com/de/:0
[  236263ms] [WARNING] The resource https://www.adobe.com/libs/martech/martech.js was preloaded using link preload but not used within a few seconds from the window's load event. Please make sure it has an appropriate `as` value and it is preloaded intentionally. @ https://www.adobe.com/de/:0
[  241682ms] [WARNING] The resource https://www.adobe.com/libs/martech/martech.js was preloaded using link preload but not used within a few seconds from the window's load event. Please make sure it has an appropriate `as` value and it is preloaded intentionally. @ https://www.adobe.com/de/:0
[  250612ms] [WARNING] The resource https://www.adobe.com/libs/martech/martech.js was preloaded using link preload but not used within a few seconds from the window's load event. Please make sure it has an appropriate `as` value and it is preloaded intentionally. @ https://www.adobe.com/de/:0
[  261502ms] [WARNING] The resource https://www.adobe.com/libs/martech/martech.js was preloaded using link preload but not used within a few seconds from the window's load event. Please make sure it has an appropriate `as` value and it is preloaded intentionally. @ https://www.adobe.com/de/:0
[  266939ms] [WARNING] The resource https://www.adobe.com/libs/martech/martech.js was preloaded using link preload but not used within a few seconds from the window's load event. Please make sure it has an appropriate `as` value and it is preloaded intentionally. @ https://www.adobe.com/de/:0
[  275853ms] [WARNING] The resource https://www.adobe.com/libs/martech/martech.js was preloaded using link preload but not used within a few seconds from the window's load event. Please make sure it has an appropriate `as` value and it is preloaded intentionally. @ https://www.adobe.com/de/:0
[  286757ms] [WARNING] The resource https://www.adobe.com/libs/martech/martech.js was preloaded using link preload but not used within a few seconds from the window's load event. Please make sure it has an appropriate `as` value and it is preloaded intentionally. @ https://www.adobe.com/de/:0
[  292281ms] [WARNING] The resource https://www.adobe.com/libs/martech/martech.js was preloaded using link preload but not used within a few seconds from the window's load event. Please make sure it has an appropriate `as` value and it is preloaded intentionally. @ https://www.adobe.com/de/:0
[  301319ms] [WARNING] The resource https://www.adobe.com/libs/martech/martech.js was preloaded using link preload but not used within a few seconds from the window's load event. Please make sure it has an appropriate `as` value and it is preloaded intentionally. @ https://www.adobe.com/de/:0
[  312006ms] [WARNING] The resource https://www.adobe.com/libs/martech/martech.js was preloaded using link preload but not used within a few seconds from the window's load event. Please make sure it has an appropriate `as` value and it is preloaded intentionally. @ https://www.adobe.com/de/:0
[  317409ms] [WARNING] The resource https://www.adobe.com/libs/martech/martech.js was preloaded using link preload but not used within a few seconds from the window's load event. Please make sure it has an appropriate `as` value and it is preloaded intentionally. @ https://www.adobe.com/de/:0
[  326330ms] [WARNING] The resource https://www.adobe.com/libs/martech/martech.js was preloaded using link preload but not used within a few seconds from the window's load event. Please make sure it has an appropriate `as` value and it is preloaded intentionally. @ https://www.adobe.com/de/:0
[  337255ms] [WARNING] The resource https://www.adobe.com/libs/martech/martech.js was preloaded using link preload but not used within a few seconds from the window's load event. Please make sure it has an appropriate `as` value and it is preloaded intentionally. @ https://www.adobe.com/de/:0
[  342641ms] [WARNING] The resource https://www.adobe.com/libs/martech/martech.js was preloaded using link preload but not used within a few seconds from the window's load event. Please make sure it has an appropriate `as` value and it is preloaded intentionally. @ https://www.adobe.com/de/:0
[  351686ms] [WARNING] The resource https://www.adobe.com/libs/martech/martech.js was preloaded using link preload but not used within a few seconds from the window's load event. Please make sure it has an appropriate `as` value and it is preloaded intentionally. @ https://www.adobe.com/de/:0
[  362526ms] [WARNING] The resource https://www.adobe.com/libs/martech/martech.js was preloaded using link preload but not used within a few seconds from the window's load event. Please make sure it has an appropriate `as` value and it is preloaded intentionally. @ https://www.adobe.com/de/:0
[  376956ms] [WARNING] The resource https://www.adobe.com/libs/martech/martech.js was preloaded using link preload but not used within a few seconds from the window's load event. Please make sure it has an appropriate `as` value and it is preloaded intentionally. @ https://www.adobe.com/de/:0
[  387761ms] [WARNING] The resource https://www.adobe.com/libs/martech/martech.js was preloaded using link preload but not used within a few seconds from the window's load event. Please make sure it has an appropriate `as` value and it is preloaded intentionally. @ https://www.adobe.com/de/:0
[  392973ms] [WARNING] The resource https://www.adobe.com/libs/martech/martech.js was preloaded using link preload but not used within a few seconds from the window's load event. Please make sure it has an appropriate `as` value and it is preloaded intentionally. @ https://www.adobe.com/de/:0
[  402150ms] [WARNING] The resource https://www.adobe.com/libs/martech/martech.js was preloaded using link preload but not used within a few seconds from the window's load event. Please make sure it has an appropriate `as` value and it is preloaded intentionally. @ https://www.adobe.com/de/:0
[  412995ms] [WARNING] The resource https://www.adobe.com/libs/martech/martech.js was preloaded using link preload but not used within a few seconds from the window's load event. Please make sure it has an appropriate `as` value and it is preloaded intentionally. @ https://www.adobe.com/de/:0
[  418282ms] [WARNING] The resource https://www.adobe.com/libs/martech/martech.js was preloaded using link preload but not used within a few seconds from the window's load event. Please make sure it has an appropriate `as` value and it is preloaded intentionally. @ https://www.adobe.com/de/:0
[  427559ms] [WARNING] The resource https://www.adobe.com/libs/martech/martech.js was preloaded using link preload but not used within a few seconds from the window's load event. Please make sure it has an appropriate `as` value and it is preloaded intentionally. @ https://www.adobe.com/de/:0
[  438446ms] [WARNING] The resource https://www.adobe.com/libs/martech/martech.js was preloaded using link preload but not used within a few seconds from the window's load event. Please make sure it has an appropriate `as` value and it is preloaded intentionally. @ https://www.adobe.com/de/:0
[  443632ms] [WARNING] The resource https://www.adobe.com/libs/martech/martech.js was preloaded using link preload but not used within a few seconds from the window's load event. Please make sure it has an appropriate `as` value and it is preloaded intentionally. @ https://www.adobe.com/de/:0
[  452675ms] [WARNING] The resource https://www.adobe.com/libs/martech/martech.js was preloaded using link preload but not used within a few seconds from the window's load event. Please make sure it has an appropriate `as` value and it is preloaded intentionally. @ https://www.adobe.com/de/:0
[  464132ms] [WARNING] The resource https://www.adobe.com/libs/martech/martech.js was preloaded using link preload but not used within a few seconds from the window's load event. Please make sure it has an appropriate `as` value and it is preloaded intentionally. @ https://www.adobe.com/de/:0
[  468813ms] [WARNING] The resource https://www.adobe.com/libs/martech/martech.js was preloaded using link preload but not used within a few seconds from the window's load event. Please make sure it has an appropriate `as` value and it is preloaded intentionally. @ https://www.adobe.com/de/:0
[  477922ms] [WARNING] The resource https://www.adobe.com/libs/martech/martech.js was preloaded using link preload but not used within a few seconds from the window's load event. Please make sure it has an appropriate `as` value and it is preloaded intentionally. @ https://www.adobe.com/de/:0
[  488866ms] [WARNING] The resource https://www.adobe.com/libs/martech/martech.js was preloaded using link preload but not used within a few seconds from the window's load event. Please make sure it has an appropriate `as` value and it is preloaded intentionally. @ https://www.adobe.com/de/:0
[  494075ms] [WARNING] The resource https://www.adobe.com/libs/martech/martech.js was preloaded using link preload but not used within a few seconds from the window's load event. Please make sure it has an appropriate `as` value and it is preloaded intentionally. @ https://www.adobe.com/de/:0
[  503167ms] [WARNING] The resource https://www.adobe.com/libs/martech/martech.js was preloaded using link preload but not used within a few seconds from the window's load event. Please make sure it has an appropriate `as` value and it is preloaded intentionally. @ https://www.adobe.com/de/:0
[  514087ms] [WARNING] The resource https://www.adobe.com/libs/martech/martech.js was preloaded using link preload but not used within a few seconds from the window's load event. Please make sure it has an appropriate `as` value and it is preloaded intentionally. @ https://www.adobe.com/de/:0
[  519345ms] [WARNING] The resource https://www.adobe.com/libs/martech/martech.js was preloaded using link preload but not used within a few seconds from the window's load event. Please make sure it has an appropriate `as` value and it is preloaded intentionally. @ https://www.adobe.com/de/:0
[  528692ms] [WARNING] The resource https://www.adobe.com/libs/martech/martech.js was preloaded using link preload but not used within a few seconds from the window's load event. Please make sure it has an appropriate `as` value and it is preloaded intentionally. @ https://www.adobe.com/de/:0
[  539376ms] [WARNING] The resource https://www.adobe.com/libs/martech/martech.js was preloaded using link preload but not used within a few seconds from the window's load event. Please make sure it has an appropriate `as` value and it is preloaded intentionally. @ https://www.adobe.com/de/:0
[  544621ms] [WARNING] The resource https://www.adobe.com/libs/martech/martech.js was preloaded using link preload but not used within a few seconds from the window's load event. Please make sure it has an appropriate `as` value and it is preloaded intentionally. @ https://www.adobe.com/de/:0
[  553683ms] [WARNING] The resource https://www.adobe.com/libs/martech/martech.js was preloaded using link preload but not used within a few seconds from the window's load event. Please make sure it has an appropriate `as` value and it is preloaded intentionally. @ https://www.adobe.com/de/:0
[  564637ms] [WARNING] The resource https://www.adobe.com/libs/martech/martech.js was preloaded using link preload but not used within a few seconds from the window's load event. Please make sure it has an appropriate `as` value and it is preloaded intentionally. @ https://www.adobe.com/de/:0
[  569899ms] [WARNING] The resource https://www.adobe.com/libs/martech/martech.js was preloaded using link preload but not used within a few seconds from the window's load event. Please make sure it has an appropriate `as` value and it is preloaded intentionally. @ https://www.adobe.com/de/:0
[  579014ms] [WARNING] The resource https://www.adobe.com/libs/martech/martech.js was preloaded using link preload but not used within a few seconds from the window's load event. Please make sure it has an appropriate `as` value and it is preloaded intentionally. @ https://www.adobe.com/de/:0
[  589896ms] [WARNING] The resource https://www.adobe.com/libs/martech/martech.js was preloaded using link preload but not used within a few seconds from the window's load event. Please make sure it has an appropriate `as` value and it is preloaded intentionally. @ https://www.adobe.com/de/:0
[  595149ms] [WARNING] The resource https://www.adobe.com/libs/martech/martech.js was preloaded using link preload but not used within a few seconds from the window's load event. Please make sure it has an appropriate `as` value and it is preloaded intentionally. @ https://www.adobe.com/de/:0
[  604267ms] [WARNING] The resource https://www.adobe.com/libs/martech/martech.js was preloaded using link preload but not used within a few seconds from the window's load event. Please make sure it has an appropriate `as` value and it is preloaded intentionally. @ https://www.adobe.com/de/:0
[  615124ms] [WARNING] The resource https://www.adobe.com/libs/martech/martech.js was preloaded using link preload but not used within a few seconds from the window's load event. Please make sure it has an appropriate `as` value and it is preloaded intentionally. @ https://www.adobe.com/de/:0
[  620383ms] [WARNING] The resource https://www.adobe.com/libs/martech/martech.js was preloaded using link preload but not used within a few seconds from the window's load event. Please make sure it has an appropriate `as` value and it is preloaded intentionally. @ https://www.adobe.com/de/:0
[  629509ms] [WARNING] The resource https://www.adobe.com/libs/martech/martech.js was preloaded using link preload but not used within a few seconds from the window's load event. Please make sure it has an appropriate `as` value and it is preloaded intentionally. @ https://www.adobe.com/de/:0
[  640430ms] [WARNING] The resource https://www.adobe.com/libs/martech/martech.js was preloaded using link preload but not used within a few seconds from the window's load event. Please make sure it has an appropriate `as` value and it is preloaded intentionally. @ https://www.adobe.com/de/:0
[  645641ms] [WARNING] The resource https://www.adobe.com/libs/martech/martech.js was preloaded using link preload but not used within a few seconds from the window's load event. Please make sure it has an appropriate `as` value and it is preloaded intentionally. @ https://www.adobe.com/de/:0
[  654744ms] [WARNING] The resource https://www.adobe.com/libs/martech/martech.js was preloaded using link preload but not used within a few seconds from the window's load event. Please make sure it has an appropriate `as` value and it is preloaded intentionally. @ https://www.adobe.com/de/:0
[  665635ms] [WARNING] The resource https://www.adobe.com/libs/martech/martech.js was preloaded using link preload but not used within a few seconds from the window's load event. Please make sure it has an appropriate `as` value and it is preloaded intentionally. @ https://www.adobe.com/de/:0
[  670955ms] [WARNING] The resource https://www.adobe.com/libs/martech/martech.js was preloaded using link preload but not used within a few seconds from the window's load event. Please make sure it has an appropriate `as` value and it is preloaded intentionally. @ https://www.adobe.com/de/:0
[  679978ms] [WARNING] The resource https://www.adobe.com/libs/martech/martech.js was preloaded using link preload but not used within a few seconds from the window's load event. Please make sure it has an appropriate `as` value and it is preloaded intentionally. @ https://www.adobe.com/de/:0
[  690984ms] [WARNING] The resource https://www.adobe.com/libs/martech/martech.js was preloaded using link preload but not used within a few seconds from the window's load event. Please make sure it has an appropriate `as` value and it is preloaded intentionally. @ https://www.adobe.com/de/:0
[  696518ms] [WARNING] The resource https://www.adobe.com/libs/martech/martech.js was preloaded using link preload but not used within a few seconds from the window's load event. Please make sure it has an appropriate `as` value and it is preloaded intentionally. @ https://www.adobe.com/de/:0
[  705204ms] [WARNING] The resource https://www.adobe.com/libs/martech/martech.js was preloaded using link preload but not used within a few seconds from the window's load event. Please make sure it has an appropriate `as` value and it is preloaded intentionally. @ https://www.adobe.com/de/:0
[  716130ms] [WARNING] The resource https://www.adobe.com/libs/martech/martech.js was preloaded using link preload but not used within a few seconds from the window's load event. Please make sure it has an appropriate `as` value and it is preloaded intentionally. @ https://www.adobe.com/de/:0
[  721351ms] [WARNING] The resource https://www.adobe.com/libs/martech/martech.js was preloaded using link preload but not used within a few seconds from the window's load event. Please make sure it has an appropriate `as` value and it is preloaded intentionally. @ https://www.adobe.com/de/:0
[  730439ms] [WARNING] The resource https://www.adobe.com/libs/martech/martech.js was preloaded using link preload but not used within a few seconds from the window's load event. Please make sure it has an appropriate `as` value and it is preloaded intentionally. @ https://www.adobe.com/de/:0
[  741331ms] [WARNING] The resource https://www.adobe.com/libs/martech/martech.js was preloaded using link preload but not used within a few seconds from the window's load event. Please make sure it has an appropriate `as` value and it is preloaded intentionally. @ https://www.adobe.com/de/:0
[  746577ms] [WARNING] The resource https://www.adobe.com/libs/martech/martech.js was preloaded using link preload but not used within a few seconds from the window's load event. Please make sure it has an appropriate `as` value and it is preloaded intentionally. @ https://www.adobe.com/de/:0
[  755707ms] [WARNING] The resource https://www.adobe.com/libs/martech/martech.js was preloaded using link preload but not used within a few seconds from the window's load event. Please make sure it has an appropriate `as` value and it is preloaded intentionally. @ https://www.adobe.com/de/:0
[  766606ms] [WARNING] The resource https://www.adobe.com/libs/martech/martech.js was preloaded using link preload but not used within a few seconds from the window's load event. Please make sure it has an appropriate `as` value and it is preloaded intentionally. @ https://www.adobe.com/de/:0
[  771921ms] [WARNING] The resource https://www.adobe.com/libs/martech/martech.js was preloaded using link preload but not used within a few seconds from the window's load event. Please make sure it has an appropriate `as` value and it is preloaded intentionally. @ https://www.adobe.com/de/:0
[  780937ms] [WARNING] The resource https://www.adobe.com/libs/martech/martech.js was preloaded using link preload but not used within a few seconds from the window's load event. Please make sure it has an appropriate `as` value and it is preloaded intentionally. @ https://www.adobe.com/de/:0
[  791909ms] [WARNING] The resource https://www.adobe.com/libs/martech/martech.js was preloaded using link preload but not used within a few seconds from the window's load event. Please make sure it has an appropriate `as` value and it is preloaded intentionally. @ https://www.adobe.com/de/:0
[  797140ms] [WARNING] The resource https://www.adobe.com/libs/martech/martech.js was preloaded using link preload but not used within a few seconds from the window's load event. Please make sure it has an appropriate `as` value and it is preloaded intentionally. @ https://www.adobe.com/de/:0
[  806245ms] [WARNING] The resource https://www.adobe.com/libs/martech/martech.js was preloaded using link preload but not used within a few seconds from the window's load event. Please make sure it has an appropriate `as` value and it is preloaded intentionally. @ https://www.adobe.com/de/:0
[  817104ms] [WARNING] The resource https://www.adobe.com/libs/martech/martech.js was preloaded using link preload but not used within a few seconds from the window's load event. Please make sure it has an appropriate `as` value and it is preloaded intentionally. @ https://www.adobe.com/de/:0
[  822353ms] [WARNING] The resource https://www.adobe.com/libs/martech/martech.js was preloaded using link preload but not used within a few seconds from the window's load event. Please make sure it has an appropriate `as` value and it is preloaded intentionally. @ https://www.adobe.com/de/:0
[  831468ms] [WARNING] The resource https://www.adobe.com/libs/martech/martech.js was preloaded using link preload but not used within a few seconds from the window's load event. Please make sure it has an appropriate `as` value and it is preloaded intentionally. @ https://www.adobe.com/de/:0
[  842334ms] [WARNING] The resource https://www.adobe.com/libs/martech/martech.js was preloaded using link preload but not used within a few seconds from the window's load event. Please make sure it has an appropriate `as` value and it is preloaded intentionally. @ https://www.adobe.com/de/:0
[  847518ms] [WARNING] The resource https://www.adobe.com/libs/martech/martech.js was preloaded using link preload but not used within a few seconds from the window's load event. Please make sure it has an appropriate `as` value and it is preloaded intentionally. @ https://www.adobe.com/de/:0
[  856657ms] [WARNING] The resource https://www.adobe.com/libs/martech/martech.js was preloaded using link preload but not used within a few seconds from the window's load event. Please make sure it has an appropriate `as` value and it is preloaded intentionally. @ https://www.adobe.com/de/:0
[  867562ms] [WARNING] The resource https://www.adobe.com/libs/martech/martech.js was preloaded using link preload but not used within a few seconds from the window's load event. Please make sure it has an appropriate `as` value and it is preloaded intentionally. @ https://www.adobe.com/de/:0
[  872820ms] [WARNING] The resource https://www.adobe.com/libs/martech/martech.js was preloaded using link preload but not used within a few seconds from the window's load event. Please make sure it has an appropriate `as` value and it is preloaded intentionally. @ https://www.adobe.com/de/:0
[  881916ms] [WARNING] The resource https://www.adobe.com/libs/martech/martech.js was preloaded using link preload but not used within a few seconds from the window's load event. Please make sure it has an appropriate `as` value and it is preloaded intentionally. @ https://www.adobe.com/de/:0
[  892817ms] [WARNING] The resource https://www.adobe.com/libs/martech/martech.js was preloaded using link preload but not used within a few seconds from the window's load event. Please make sure it has an appropriate `as` value and it is preloaded intentionally. @ https://www.adobe.com/de/:0
[  898095ms] [WARNING] The resource https://www.adobe.com/libs/martech/martech.js was preloaded using link preload but not used within a few seconds from the window's load event. Please make sure it has an appropriate `as` value and it is preloaded intentionally. @ https://www.adobe.com/de/:0
[  909330ms] [WARNING] The resource https://www.adobe.com/libs/martech/martech.js was preloaded using link preload but not used within a few seconds from the window's load event. Please make sure it has an appropriate `as` value and it is preloaded intentionally. @ https://www.adobe.com/de/:0
[  918079ms] [WARNING] The resource https://www.adobe.com/libs/martech/martech.js was preloaded using link preload but not used within a few seconds from the window's load event. Please make sure it has an appropriate `as` value and it is preloaded intentionally. @ https://www.adobe.com/de/:0
[  923356ms] [WARNING] The resource https://www.adobe.com/libs/martech/martech.js was preloaded using link preload but not used within a few seconds from the window's load event. Please make sure it has an appropriate `as` value and it is preloaded intentionally. @ https://www.adobe.com/de/:0
[  932434ms] [WARNING] The resource https://www.adobe.com/libs/martech/martech.js was preloaded using link preload but not used within a few seconds from the window's load event. Please make sure it has an appropriate `as` value and it is preloaded intentionally. @ https://www.adobe.com/de/:0
[  943386ms] [WARNING] The resource https://www.adobe.com/libs/martech/martech.js was preloaded using link preload but not used within a few seconds from the window's load event. Please make sure it has an appropriate `as` value and it is preloaded intentionally. @ https://www.adobe.com/de/:0
[  948611ms] [WARNING] The resource https://www.adobe.com/libs/martech/martech.js was preloaded using link preload but not used within a few seconds from the window's load event. Please make sure it has an appropriate `as` value and it is preloaded intentionally. @ https://www.adobe.com/de/:0
[  957695ms] [WARNING] The resource https://www.adobe.com/libs/martech/martech.js was preloaded using link preload but not used within a few seconds from the window's load event. Please make sure it has an appropriate `as` value and it is preloaded intentionally. @ https://www.adobe.com/de/:0
[  968601ms] [WARNING] The resource https://www.adobe.com/libs/martech/martech.js was preloaded using link preload but not used within a few seconds from the window's load event. Please make sure it has an appropriate `as` value and it is preloaded intentionally. @ https://www.adobe.com/de/:0
[  973861ms] [WARNING] The resource https://www.adobe.com/libs/martech/martech.js was preloaded using link preload but not used within a few seconds from the window's load event. Please make sure it has an appropriate `as` value and it is preloaded intentionally. @ https://www.adobe.com/de/:0
[  982977ms] [WARNING] The resource https://www.adobe.com/libs/martech/martech.js was preloaded using link preload but not used within a few seconds from the window's load event. Please make sure it has an appropriate `as` value and it is preloaded intentionally. @ https://www.adobe.com/de/:0
[  993892ms] [WARNING] The resource https://www.adobe.com/libs/martech/martech.js was preloaded using link preload but not used within a few seconds from the window's load event. Please make sure it has an appropriate `as` value and it is preloaded intentionally. @ https://www.adobe.com/de/:0
[  999152ms] [WARNING] The resource https://www.adobe.com/libs/martech/martech.js was preloaded using link preload but not used within a few seconds from the window's load event. Please make sure it has an appropriate `as` value and it is preloaded intentionally. @ https://www.adobe.com/de/:0
[ 1008238ms] [WARNING] The resource https://www.adobe.com/libs/martech/martech.js was preloaded using link preload but not used within a few seconds from the window's load event. Please make sure it has an appropriate `as` value and it is preloaded intentionally. @ https://www.adobe.com/de/:0
[ 1019098ms] [WARNING] The resource https://www.adobe.com/libs/martech/martech.js was preloaded using link preload but not used within a few seconds from the window's load event. Please make sure it has an appropriate `as` value and it is preloaded intentionally. @ https://www.adobe.com/de/:0
[ 1024349ms] [WARNING] The resource https://www.adobe.com/libs/martech/martech.js was preloaded using link preload but not used within a few seconds from the window's load event. Please make sure it has an appropriate `as` value and it is preloaded intentionally. @ https://www.adobe.com/de/:0
[ 1033474ms] [WARNING] The resource https://www.adobe.com/libs/martech/martech.js was preloaded using link preload but not used within a few seconds from the window's load event. Please make sure it has an appropriate `as` value and it is preloaded intentionally. @ https://www.adobe.com/de/:0
[ 1044385ms] [WARNING] The resource https://www.adobe.com/libs/martech/martech.js was preloaded using link preload but not used within a few seconds from the window's load event. Please make sure it has an appropriate `as` value and it is preloaded intentionally. @ https://www.adobe.com/de/:0
[ 1049706ms] [WARNING] The resource https://www.adobe.com/libs/martech/martech.js was preloaded using link preload but not used within a few seconds from the window's load event. Please make sure it has an appropriate `as` value and it is preloaded intentionally. @ https://www.adobe.com/de/:0
[ 1058685ms] [WARNING] The resource https://www.adobe.com/libs/martech/martech.js was preloaded using link preload but not used within a few seconds from the window's load event. Please make sure it has an appropriate `as` value and it is preloaded intentionally. @ https://www.adobe.com/de/:0
[ 1069623ms] [WARNING] The resource https://www.adobe.com/libs/martech/martech.js was preloaded using link preload but not used within a few seconds from the window's load event. Please make sure it has an appropriate `as` value and it is preloaded intentionally. @ https://www.adobe.com/de/:0
[ 1074873ms] [WARNING] The resource https://www.adobe.com/libs/martech/martech.js was preloaded using link preload but not used within a few seconds from the window's load event. Please make sure it has an appropriate `as` value and it is preloaded intentionally. @ https://www.adobe.com/de/:0
[ 1083953ms] [WARNING] The resource https://www.adobe.com/libs/martech/martech.js was preloaded using link preload but not used within a few seconds from the window's load event. Please make sure it has an appropriate `as` value and it is preloaded intentionally. @ https://www.adobe.com/de/:0
[ 1089346ms] [WARNING] The resource https://www.adobe.com/libs/martech/martech.js was preloaded using link preload but not used within a few seconds from the window's load event. Please make sure it has an appropriate `as` value and it is preloaded intentionally. @ https://www.adobe.com/de/:0
[ 1094904ms] [WARNING] The resource https://www.adobe.com/libs/martech/martech.js was preloaded using link preload but not used within a few seconds from the window's load event. Please make sure it has an appropriate `as` value and it is preloaded intentionally. @ https://www.adobe.com/de/:0
[ 1100170ms] [WARNING] The resource https://www.adobe.com/libs/martech/martech.js was preloaded using link preload but not used within a few seconds from the window's load event. Please make sure it has an appropriate `as` value and it is preloaded intentionally. @ https://www.adobe.com/de/:0
[ 1109299ms] [WARNING] The resource https://www.adobe.com/libs/martech/martech.js was preloaded using link preload but not used within a few seconds from the window's load event. Please make sure it has an appropriate `as` value and it is preloaded intentionally. @ https://www.adobe.com/de/:0
[ 1120182ms] [WARNING] The resource https://www.adobe.com/libs/martech/martech.js was preloaded using link preload but not used within a few seconds from the window's load event. Please make sure it has an appropriate `as` value and it is preloaded intentionally. @ https://www.adobe.com/de/:0
[ 1125424ms] [WARNING] The resource https://www.adobe.com/libs/martech/martech.js was preloaded using link preload but not used within a few seconds from the window's load event. Please make sure it has an appropriate `as` value and it is preloaded intentionally. @ https://www.adobe.com/de/:0
[ 1134522ms] [WARNING] The resource https://www.adobe.com/libs/martech/martech.js was preloaded using link preload but not used within a few seconds from the window's load event. Please make sure it has an appropriate `as` value and it is preloaded intentionally. @ https://www.adobe.com/de/:0
[ 1145441ms] [WARNING] The resource https://www.adobe.com/libs/martech/martech.js was preloaded using link preload but not used within a few seconds from the window's load event. Please make sure it has an appropriate `as` value and it is preloaded intentionally. @ https://www.adobe.com/de/:0
[ 1150696ms] [WARNING] The resource https://www.adobe.com/libs/martech/martech.js was preloaded using link preload but not used within a few seconds from the window's load event. Please make sure it has an appropriate `as` value and it is preloaded intentionally. @ https://www.adobe.com/de/:0
[ 1159818ms] [WARNING] The resource https://www.adobe.com/libs/martech/martech.js was preloaded using link preload but not used within a few seconds from the window's load event. Please make sure it has an appropriate `as` value and it is preloaded intentionally. @ https://www.adobe.com/de/:0
[ 1170687ms] [WARNING] The resource https://www.adobe.com/libs/martech/martech.js was preloaded using link preload but not used within a few seconds from the window's load event. Please make sure it has an appropriate `as` value and it is preloaded intentionally. @ https://www.adobe.com/de/:0
[ 1175940ms] [WARNING] The resource https://www.adobe.com/libs/martech/martech.js was preloaded using link preload but not used within a few seconds from the window's load event. Please make sure it has an appropriate `as` value and it is preloaded intentionally. @ https://www.adobe.com/de/:0
[ 1185040ms] [WARNING] The resource https://www.adobe.com/libs/martech/martech.js was preloaded using link preload but not used within a few seconds from the window's load event. Please make sure it has an appropriate `as` value and it is preloaded intentionally. @ https://www.adobe.com/de/:0
[ 1195945ms] [WARNING] The resource https://www.adobe.com/libs/martech/martech.js was preloaded using link preload but not used within a few seconds from the window's load event. Please make sure it has an appropriate `as` value and it is preloaded intentionally. @ https://www.adobe.com/de/:0
[ 1201263ms] [WARNING] The resource https://www.adobe.com/libs/martech/martech.js was preloaded using link preload but not used within a few seconds from the window's load event. Please make sure it has an appropriate `as` value and it is preloaded intentionally. @ https://www.adobe.com/de/:0
[ 1210277ms] [WARNING] The resource https://www.adobe.com/libs/martech/martech.js was preloaded using link preload but not used within a few seconds from the window's load event. Please make sure it has an appropriate `as` value and it is preloaded intentionally. @ https://www.adobe.com/de/:0
[ 1221148ms] [WARNING] The resource https://www.adobe.com/libs/martech/martech.js was preloaded using link preload but not used within a few seconds from the window's load event. Please make sure it has an appropriate `as` value and it is preloaded intentionally. @ https://www.adobe.com/de/:0
[ 1226436ms] [WARNING] The resource https://www.adobe.com/libs/martech/martech.js was preloaded using link preload but not used within a few seconds from the window's load event. Please make sure it has an appropriate `as` value and it is preloaded intentionally. @ https://www.adobe.com/de/:0
[ 1235514ms] [WARNING] The resource https://www.adobe.com/libs/martech/martech.js was preloaded using link preload but not used within a few seconds from the window's load event. Please make sure it has an appropriate `as` value and it is preloaded intentionally. @ https://www.adobe.com/de/:0
[ 1246398ms] [WARNING] The resource https://www.adobe.com/libs/martech/martech.js was preloaded using link preload but not used within a few seconds from the window's load event. Please make sure it has an appropriate `as` value and it is preloaded intentionally. @ https://www.adobe.com/de/:0
[ 1251682ms] [WARNING] The resource https://www.adobe.com/libs/martech/martech.js was preloaded using link preload but not used within a few seconds from the window's load event. Please make sure it has an appropriate `as` value and it is preloaded intentionally. @ https://www.adobe.com/de/:0
[ 1260778ms] [WARNING] The resource https://www.adobe.com/libs/martech/martech.js was preloaded using link preload but not used within a few seconds from the window's load event. Please make sure it has an appropriate `as` value and it is preloaded intentionally. @ https://www.adobe.com/de/:0
[ 1273497ms] [WARNING] The resource https://www.adobe.com/libs/martech/martech.js was preloaded using link preload but not used within a few seconds from the window's load event. Please make sure it has an appropriate `as` value and it is preloaded intentionally. @ https://www.adobe.com/de/:0
[ 1276923ms] [WARNING] The resource https://www.adobe.com/libs/martech/martech.js was preloaded using link preload but not used within a few seconds from the window's load event. Please make sure it has an appropriate `as` value and it is preloaded intentionally. @ https://www.adobe.com/de/:0
[ 1286031ms] [WARNING] The resource https://www.adobe.com/libs/martech/martech.js was preloaded using link preload but not used within a few seconds from the window's load event. Please make sure it has an appropriate `as` value and it is preloaded intentionally. @ https://www.adobe.com/de/:0
[ 1296925ms] [WARNING] The resource https://www.adobe.com/libs/martech/martech.js was preloaded using link preload but not used within a few seconds from the window's load event. Please make sure it has an appropriate `as` value and it is preloaded intentionally. @ https://www.adobe.com/de/:0
[ 1302210ms] [WARNING] The resource https://www.adobe.com/libs/martech/martech.js was preloaded using link preload but not used within a few seconds from the window's load event. Please make sure it has an appropriate `as` value and it is preloaded intentionally. @ https://www.adobe.com/de/:0
[ 1311265ms] [WARNING] The resource https://www.adobe.com/libs/martech/martech.js was preloaded using link preload but not used within a few seconds from the window's load event. Please make sure it has an appropriate `as` value and it is preloaded intentionally. @ https://www.adobe.com/de/:0
[ 1322180ms] [WARNING] The resource https://www.adobe.com/libs/martech/martech.js was preloaded using link preload but not used within a few seconds from the window's load event. Please make sure it has an appropriate `as` value and it is preloaded intentionally. @ https://www.adobe.com/de/:0
[ 1327414ms] [WARNING] The resource https://www.adobe.com/libs/martech/martech.js was preloaded using link preload but not used within a few seconds from the window's load event. Please make sure it has an appropriate `as` value and it is preloaded intentionally. @ https://www.adobe.com/de/:0
[ 1336512ms] [WARNING] The resource https://www.adobe.com/libs/martech/martech.js was preloaded using link preload but not used within a few seconds from the window's load event. Please make sure it has an appropriate `as` value and it is preloaded intentionally. @ https://www.adobe.com/de/:0
[ 1347455ms] [WARNING] The resource https://www.adobe.com/libs/martech/martech.js was preloaded using link preload but not used within a few seconds from the window's load event. Please make sure it has an appropriate `as` value and it is preloaded intentionally. @ https://www.adobe.com/de/:0
[ 1352664ms] [WARNING] The resource https://www.adobe.com/libs/martech/martech.js was preloaded using link preload but not used within a few seconds from the window's load event. Please make sure it has an appropriate `as` value and it is preloaded intentionally. @ https://www.adobe.com/de/:0
[ 1361747ms] [WARNING] The resource https://www.adobe.com/libs/martech/martech.js was preloaded using link preload but not used within a few seconds from the window's load event. Please make sure it has an appropriate `as` value and it is preloaded intentionally. @ https://www.adobe.com/de/:0
[ 1372637ms] [WARNING] The resource https://www.adobe.com/libs/martech/martech.js was preloaded using link preload but not used within a few seconds from the window's load event. Please make sure it has an appropriate `as` value and it is preloaded intentionally. @ https://www.adobe.com/de/:0
[ 1377834ms] [WARNING] The resource https://www.adobe.com/libs/martech/martech.js was preloaded using link preload but not used within a few seconds from the window's load event. Please make sure it has an appropriate `as` value and it is preloaded intentionally. @ https://www.adobe.com/de/:0
[ 1386963ms] [WARNING] The resource https://www.adobe.com/libs/martech/martech.js was preloaded using link preload but not used within a few seconds from the window's load event. Please make sure it has an appropriate `as` value and it is preloaded intentionally. @ https://www.adobe.com/de/:0
[ 1397923ms] [WARNING] The resource https://www.adobe.com/libs/martech/martech.js was preloaded using link preload but not used within a few seconds from the window's load event. Please make sure it has an appropriate `as` value and it is preloaded intentionally. @ https://www.adobe.com/de/:0
[ 1403123ms] [WARNING] The resource https://www.adobe.com/libs/martech/martech.js was preloaded using link preload but not used within a few seconds from the window's load event. Please make sure it has an appropriate `as` value and it is preloaded intentionally. @ https://www.adobe.com/de/:0
[ 1412218ms] [WARNING] The resource https://www.adobe.com/libs/martech/martech.js was preloaded using link preload but not used within a few seconds from the window's load event. Please make sure it has an appropriate `as` value and it is preloaded intentionally. @ https://www.adobe.com/de/:0
[ 1423147ms] [WARNING] The resource https://www.adobe.com/libs/martech/martech.js was preloaded using link preload but not used within a few seconds from the window's load event. Please make sure it has an appropriate `as` value and it is preloaded intentionally. @ https://www.adobe.com/de/:0
[ 1428384ms] [WARNING] The resource https://www.adobe.com/libs/martech/martech.js was preloaded using link preload but not used within a few seconds from the window's load event. Please make sure it has an appropriate `as` value and it is preloaded intentionally. @ https://www.adobe.com/de/:0
[ 1437484ms] [WARNING] The resource https://www.adobe.com/libs/martech/martech.js was preloaded using link preload but not used within a few seconds from the window's load event. Please make sure it has an appropriate `as` value and it is preloaded intentionally. @ https://www.adobe.com/de/:0
[ 1448364ms] [WARNING] The resource https://www.adobe.com/libs/martech/martech.js was preloaded using link preload but not used within a few seconds from the window's load event. Please make sure it has an appropriate `as` value and it is preloaded intentionally. @ https://www.adobe.com/de/:0
[ 1465336ms] [WARNING] The resource https://www.adobe.com/libs/martech/martech.js was preloaded using link preload but not used within a few seconds from the window's load event. Please make sure it has an appropriate `as` value and it is preloaded intentionally. @ https://www.adobe.com/de/:0
[ 1475515ms] [WARNING] The resource https://www.adobe.com/libs/martech/martech.js was preloaded using link preload but not used within a few seconds from the window's load event. Please make sure it has an appropriate `as` value and it is preloaded intentionally. @ https://www.adobe.com/de/:0
[ 1478903ms] [WARNING] The resource https://www.adobe.com/libs/martech/martech.js was preloaded using link preload but not used within a few seconds from the window's load event. Please make sure it has an appropriate `as` value and it is preloaded intentionally. @ https://www.adobe.com/de/:0
[ 1487978ms] [WARNING] The resource https://www.adobe.com/libs/martech/martech.js was preloaded using link preload but not used within a few seconds from the window's load event. Please make sure it has an appropriate `as` value and it is preloaded intentionally. @ https://www.adobe.com/de/:0
[ 1498934ms] [WARNING] The resource https://www.adobe.com/libs/martech/martech.js was preloaded using link preload but not used within a few seconds from the window's load event. Please make sure it has an appropriate `as` value and it is preloaded intentionally. @ https://www.adobe.com/de/:0
[ 1504135ms] [WARNING] The resource https://www.adobe.com/libs/martech/martech.js was preloaded using link preload but not used within a few seconds from the window's load event. Please make sure it has an appropriate `as` value and it is preloaded intentionally. @ https://www.adobe.com/de/:0
[ 1513244ms] [WARNING] The resource https://www.adobe.com/libs/martech/martech.js was preloaded using link preload but not used within a few seconds from the window's load event. Please make sure it has an appropriate `as` value and it is preloaded intentionally. @ https://www.adobe.com/de/:0
[ 1524105ms] [WARNING] The resource https://www.adobe.com/libs/martech/martech.js was preloaded using link preload but not used within a few seconds from the window's load event. Please make sure it has an appropriate `as` value and it is preloaded intentionally. @ https://www.adobe.com/de/:0
[ 1529380ms] [WARNING] The resource https://www.adobe.com/libs/martech/martech.js was preloaded using link preload but not used within a few seconds from the window's load event. Please make sure it has an appropriate `as` value and it is preloaded intentionally. @ https://www.adobe.com/de/:0
[ 1538437ms] [WARNING] The resource https://www.adobe.com/libs/martech/martech.js was preloaded using link preload but not used within a few seconds from the window's load event. Please make sure it has an appropriate `as` value and it is preloaded intentionally. @ https://www.adobe.com/de/:0
[ 1549345ms] [WARNING] The resource https://www.adobe.com/libs/martech/martech.js was preloaded using link preload but not used within a few seconds from the window's load event. Please make sure it has an appropriate `as` value and it is preloaded intentionally. @ https://www.adobe.com/de/:0
[ 1554584ms] [WARNING] The resource https://www.adobe.com/libs/martech/martech.js was preloaded using link preload but not used within a few seconds from the window's load event. Please make sure it has an appropriate `as` value and it is preloaded intentionally. @ https://www.adobe.com/de/:0
[ 1563673ms] [WARNING] The resource https://www.adobe.com/libs/martech/martech.js was preloaded using link preload but not used within a few seconds from the window's load event. Please make sure it has an appropriate `as` value and it is preloaded intentionally. @ https://www.adobe.com/de/:0
[ 1574590ms] [WARNING] The resource https://www.adobe.com/libs/martech/martech.js was preloaded using link preload but not used within a few seconds from the window's load event. Please make sure it has an appropriate `as` value and it is preloaded intentionally. @ https://www.adobe.com/de/:0
[ 1579829ms] [WARNING] The resource https://www.adobe.com/libs/martech/martech.js was preloaded using link preload but not used within a few seconds from the window's load event. Please make sure it has an appropriate `as` value and it is preloaded intentionally. @ https://www.adobe.com/de/:0
[ 1588974ms] [WARNING] The resource https://www.adobe.com/libs/martech/martech.js was preloaded using link preload but not used within a few seconds from the window's load event. Please make sure it has an appropriate `as` value and it is preloaded intentionally. @ https://www.adobe.com/de/:0
[ 1599879ms] [WARNING] The resource https://www.adobe.com/libs/martech/martech.js was preloaded using link preload but not used within a few seconds from the window's load event. Please make sure it has an appropriate `as` value and it is preloaded intentionally. @ https://www.adobe.com/de/:0
[ 1605130ms] [WARNING] The resource https://www.adobe.com/libs/martech/martech.js was preloaded using link preload but not used within a few seconds from the window's load event. Please make sure it has an appropriate `as` value and it is preloaded intentionally. @ https://www.adobe.com/de/:0
[ 1614414ms] [WARNING] The resource https://www.adobe.com/libs/martech/martech.js was preloaded using link preload but not used within a few seconds from the window's load event. Please make sure it has an appropriate `as` value and it is preloaded intentionally. @ https://www.adobe.com/de/:0
[ 1625159ms] [WARNING] The resource https://www.adobe.com/libs/martech/martech.js was preloaded using link preload but not used within a few seconds from the window's load event. Please make sure it has an appropriate `as` value and it is preloaded intentionally. @ https://www.adobe.com/de/:0
[ 1630395ms] [WARNING] The resource https://www.adobe.com/libs/martech/martech.js was preloaded using link preload but not used within a few seconds from the window's load event. Please make sure it has an appropriate `as` value and it is preloaded intentionally. @ https://www.adobe.com/de/:0
[ 1639554ms] [WARNING] The resource https://www.adobe.com/libs/martech/martech.js was preloaded using link preload but not used within a few seconds from the window's load event. Please make sure it has an appropriate `as` value and it is preloaded intentionally. @ https://www.adobe.com/de/:0
[ 1650394ms] [WARNING] The resource https://www.adobe.com/libs/martech/martech.js was preloaded using link preload but not used within a few seconds from the window's load event. Please make sure it has an appropriate `as` value and it is preloaded intentionally. @ https://www.adobe.com/de/:0
[ 1664734ms] [WARNING] The resource https://www.adobe.com/libs/martech/martech.js was preloaded using link preload but not used within a few seconds from the window's load event. Please make sure it has an appropriate `as` value and it is preloaded intentionally. @ https://www.adobe.com/de/:0
[ 1675632ms] [WARNING] The resource https://www.adobe.com/libs/martech/martech.js was preloaded using link preload but not used within a few seconds from the window's load event. Please make sure it has an appropriate `as` value and it is preloaded intentionally. @ https://www.adobe.com/de/:0
[ 1680858ms] [WARNING] The resource https://www.adobe.com/libs/martech/martech.js was preloaded using link preload but not used within a few seconds from the window's load event. Please make sure it has an appropriate `as` value and it is preloaded intentionally. @ https://www.adobe.com/de/:0
[ 1690093ms] [WARNING] The resource https://www.adobe.com/libs/martech/martech.js was preloaded using link preload but not used within a few seconds from the window's load event. Please make sure it has an appropriate `as` value and it is preloaded intentionally. @ https://www.adobe.com/de/:0
[ 1700936ms] [WARNING] The resource https://www.adobe.com/libs/martech/martech.js was preloaded using link preload but not used within a few seconds from the window's load event. Please make sure it has an appropriate `as` value and it is preloaded intentionally. @ https://www.adobe.com/de/:0
[ 1706175ms] [WARNING] The resource https://www.adobe.com/libs/martech/martech.js was preloaded using link preload but not used within a few seconds from the window's load event. Please make sure it has an appropriate `as` value and it is preloaded intentionally. @ https://www.adobe.com/de/:0
[ 1715274ms] [WARNING] The resource https://www.adobe.com/libs/martech/martech.js was preloaded using link preload but not used within a few seconds from the window's load event. Please make sure it has an appropriate `as` value and it is preloaded intentionally. @ https://www.adobe.com/de/:0
[ 1726146ms] [WARNING] The resource https://www.adobe.com/libs/martech/martech.js was preloaded using link preload but not used within a few seconds from the window's load event. Please make sure it has an appropriate `as` value and it is preloaded intentionally. @ https://www.adobe.com/de/:0
[ 1731406ms] [WARNING] The resource https://www.adobe.com/libs/martech/martech.js was preloaded using link preload but not used within a few seconds from the window's load event. Please make sure it has an appropriate `as` value and it is preloaded intentionally. @ https://www.adobe.com/de/:0
[ 1740534ms] [WARNING] The resource https://www.adobe.com/libs/martech/martech.js was preloaded using link preload but not used within a few seconds from the window's load event. Please make sure it has an appropriate `as` value and it is preloaded intentionally. @ https://www.adobe.com/de/:0
[ 1751450ms] [WARNING] The resource https://www.adobe.com/libs/martech/martech.js was preloaded using link preload but not used within a few seconds from the window's load event. Please make sure it has an appropriate `as` value and it is preloaded intentionally. @ https://www.adobe.com/de/:0
[ 1756679ms] [WARNING] The resource https://www.adobe.com/libs/martech/martech.js was preloaded using link preload but not used within a few seconds from the window's load event. Please make sure it has an appropriate `as` value and it is preloaded intentionally. @ https://www.adobe.com/de/:0
[ 1765762ms] [WARNING] The resource https://www.adobe.com/libs/martech/martech.js was preloaded using link preload but not used within a few seconds from the window's load event. Please make sure it has an appropriate `as` value and it is preloaded intentionally. @ https://www.adobe.com/de/:0
[ 1776687ms] [WARNING] The resource https://www.adobe.com/libs/martech/martech.js was preloaded using link preload but not used within a few seconds from the window's load event. Please make sure it has an appropriate `as` value and it is preloaded intentionally. @ https://www.adobe.com/de/:0
[ 1781933ms] [WARNING] The resource https://www.adobe.com/libs/martech/martech.js was preloaded using link preload but not used within a few seconds from the window's load event. Please make sure it has an appropriate `as` value and it is preloaded intentionally. @ https://www.adobe.com/de/:0
[ 1791064ms] [WARNING] The resource https://www.adobe.com/libs/martech/martech.js was preloaded using link preload but not used within a few seconds from the window's load event. Please make sure it has an appropriate `as` value and it is preloaded intentionally. @ https://www.adobe.com/de/:0
[ 1802043ms] [WARNING] The resource https://www.adobe.com/libs/martech/martech.js was preloaded using link preload but not used within a few seconds from the window's load event. Please make sure it has an appropriate `as` value and it is preloaded intentionally. @ https://www.adobe.com/de/:0
[ 1807233ms] [WARNING] The resource https://www.adobe.com/libs/martech/martech.js was preloaded using link preload but not used within a few seconds from the window's load event. Please make sure it has an appropriate `as` value and it is preloaded intentionally. @ https://www.adobe.com/de/:0
[ 1816325ms] [WARNING] The resource https://www.adobe.com/libs/martech/martech.js was preloaded using link preload but not used within a few seconds from the window's load event. Please make sure it has an appropriate `as` value and it is preloaded intentionally. @ https://www.adobe.com/de/:0
[ 1827199ms] [WARNING] The resource https://www.adobe.com/libs/martech/martech.js was preloaded using link preload but not used within a few seconds from the window's load event. Please make sure it has an appropriate `as` value and it is preloaded intentionally. @ https://www.adobe.com/de/:0
[ 1832421ms] [WARNING] The resource https://www.adobe.com/libs/martech/martech.js was preloaded using link preload but not used within a few seconds from the window's load event. Please make sure it has an appropriate `as` value and it is preloaded intentionally. @ https://www.adobe.com/de/:0
[ 1841572ms] [WARNING] The resource https://www.adobe.com/libs/martech/martech.js was preloaded using link preload but not used within a few seconds from the window's load event. Please make sure it has an appropriate `as` value and it is preloaded intentionally. @ https://www.adobe.com/de/:0
[ 1852470ms] [WARNING] The resource https://www.adobe.com/libs/martech/martech.js was preloaded using link preload but not used within a few seconds from the window's load event. Please make sure it has an appropriate `as` value and it is preloaded intentionally. @ https://www.adobe.com/de/:0
[ 1857702ms] [WARNING] The resource https://www.adobe.com/libs/martech/martech.js was preloaded using link preload but not used within a few seconds from the window's load event. Please make sure it has an appropriate `as` value and it is preloaded intentionally. @ https://www.adobe.com/de/:0
[ 1866783ms] [WARNING] The resource https://www.adobe.com/libs/martech/martech.js was preloaded using link preload but not used within a few seconds from the window's load event. Please make sure it has an appropriate `as` value and it is preloaded intentionally. @ https://www.adobe.com/de/:0
